#-----------------------------------------------------------
# Vivado v2023.2 (64-bit)
# SW Build 4029153 on Fri Oct 13 20:13:54 MDT 2023
# IP Build 4028589 on Sat Oct 14 00:45:43 MDT 2023
# SharedData Build 4025554 on Tue Oct 10 17:18:54 MDT 2023
# Start of session at: Mon Feb 19 17:07:11 2024
# Process ID: 123130
# Current directory: /home/heinecantor/Desktop/git/ASDi-Homeworks/Exercise_6/Vivado/Cronometro/Cronometro.runs/synth_1
# Command line: vivado -log BoardUnit.vds -product Vivado -mode batch -messageDb vivado.pb -notrace -source BoardUnit.tcl
# Log file: /home/heinecantor/Desktop/git/ASDi-Homeworks/Exercise_6/Vivado/Cronometro/Cronometro.runs/synth_1/BoardUnit.vds
# Journal file: /home/heinecantor/Desktop/git/ASDi-Homeworks/Exercise_6/Vivado/Cronometro/Cronometro.runs/synth_1/vivado.jou
# Running On: heinecantor-desktop, OS: Linux, CPU Frequency: 3630.533 MHz, CPU Physical cores: 16, Host memory: 14528 MB
#-----------------------------------------------------------
source BoardUnit.tcl -notrace
