#-----------------------------------------------------------
# Vivado v2023.2.2 (64-bit)
# SW Build 4126759 on Thu Feb  8 23:52:05 MST 2024
# IP Build 4126054 on Fri Feb  9 11:39:09 MST 2024
# SharedData Build 4115275 on Tue Jan 30 00:40:57 MST 2024
# Start of session at: Tue Mar 12 13:32:14 2024
# Process ID: 44538
# Current directory: /home/heinecantor/Desktop/git/ASDi-Homeworks/Exercise_10_senza handshake/Vivado/UART.runs/impl_1
# Command line: vivado -log BoardUnit.vdi -applog -product Vivado -messageDb vivado.pb -mode batch -source BoardUnit.tcl -notrace
# Log file: /home/heinecantor/Desktop/git/ASDi-Homeworks/Exercise_10_senza handshake/Vivado/UART.runs/impl_1/BoardUnit.vdi
# Journal file: /home/heinecantor/Desktop/git/ASDi-Homeworks/Exercise_10_senza handshake/Vivado/UART.runs/impl_1/vivado.jou
# Running On: heinecantor-laptop, OS: Linux, CPU Frequency: 1197.476 MHz, CPU Physical cores: 8, Host memory: 10285 MB
#-----------------------------------------------------------
source BoardUnit.tcl -notrace
