#-----------------------------------------------------------
# Vivado v2023.2 (64-bit)
# SW Build 4029153 on Fri Oct 13 20:13:54 MDT 2023
# IP Build 4028589 on Sat Oct 14 00:45:43 MDT 2023
# SharedData Build 4025554 on Tue Oct 10 17:18:54 MDT 2023
# Start of session at: Mon Mar 25 18:15:36 2024
# Process ID: 51129
# Current directory: /home/heinecantor/Desktop/git/ASDi-Homeworks/Exercise_7bis/Vivado/NonRestoringDivider.runs/impl_1
# Command line: vivado -log BoardUnit.vdi -applog -product Vivado -messageDb vivado.pb -mode batch -source BoardUnit.tcl -notrace
# Log file: /home/heinecantor/Desktop/git/ASDi-Homeworks/Exercise_7bis/Vivado/NonRestoringDivider.runs/impl_1/BoardUnit.vdi
# Journal file: /home/heinecantor/Desktop/git/ASDi-Homeworks/Exercise_7bis/Vivado/NonRestoringDivider.runs/impl_1/vivado.jou
# Running On: heinecantor-desktop, OS: Linux, CPU Frequency: 4570.455 MHz, CPU Physical cores: 16, Host memory: 14528 MB
#-----------------------------------------------------------
source BoardUnit.tcl -notrace
